tinyzkp-fuzz-target-v1 target=resume_checkpoint_v2 corpus_sha256=1f5785e0bd832e33591273c27092149fd8b2ed721923431f72c340dbd7726c35 toolchain=nightly-2026-04-15
   Compiling hc-fuzz v0.0.0 (/home/runner/work/hc-stark/hc-stark/raw-reports/immutable-source/fuzz)
    Finished `release` profile [optimized + debuginfo] target(s) in 0.39s
INFO: Running with entropic power schedule (0xFF, 100).
INFO: Seed: 2833937944
INFO: Loaded 1 modules   (66404 inline 8-bit counters): 66404 [0x5567f0af9c00, 0x5567f0b09f64), 
INFO: Loaded 1 PC tables (66404 PCs): 66404 [0x5567f0b09f68,0x5567f0c0d5a8), 
INFO:        0 files found in /home/runner/work/hc-stark/hc-stark/raw-reports/fuzz-logs/execution-corpus/resume_checkpoint_v2
INFO:        1 files found in /home/runner/work/hc-stark/hc-stark/raw-reports/fuzz-logs/smoke-corpus/resume_checkpoint_v2
INFO: -max_len is not provided; libFuzzer will not generate inputs larger than 4096 bytes
INFO: seed corpus: files: 1 min: 685b max: 685b total: 685b rss: 52Mb
#2	INITED cov: 139 ft: 140 corp: 1/685b exec/s: 0 rss: 52Mb
#4	NEW    cov: 140 ft: 141 corp: 2/1247b lim: 685 exec/s: 0 rss: 52Mb L: 562/685 MS: 2 ChangeBit-EraseBytes-
#8	REDUCE cov: 140 ft: 141 corp: 2/1002b lim: 685 exec/s: 0 rss: 52Mb L: 317/685 MS: 4 ShuffleBytes-EraseBytes-CrossOver-InsertByte-
#12	REDUCE cov: 140 ft: 141 corp: 2/787b lim: 685 exec/s: 0 rss: 52Mb L: 102/685 MS: 4 CopyPart-ChangeASCIIInt-InsertByte-CrossOver-
#17	REDUCE cov: 140 ft: 142 corp: 3/894b lim: 685 exec/s: 0 rss: 52Mb L: 107/685 MS: 5 InsertByte-InsertRepeatedBytes-ShuffleBytes-CopyPart-ChangeBinInt-
#22	REDUCE cov: 140 ft: 142 corp: 3/864b lim: 685 exec/s: 0 rss: 53Mb L: 77/685 MS: 5 ChangeByte-ChangeASCIIInt-EraseBytes-InsertRepeatedBytes-ChangeByte-
#31	REDUCE cov: 140 ft: 142 corp: 3/857b lim: 685 exec/s: 0 rss: 53Mb L: 95/685 MS: 4 InsertByte-CMP-ChangeByte-EraseBytes- DE: "\377\377\377\377"-
#46	REDUCE cov: 140 ft: 142 corp: 3/815b lim: 685 exec/s: 0 rss: 54Mb L: 53/685 MS: 5 ShuffleBytes-ChangeBinInt-CrossOver-EraseBytes-PersAutoDict- DE: "\377\377\377\377"-
#50	REDUCE cov: 140 ft: 144 corp: 4/975b lim: 685 exec/s: 0 rss: 54Mb L: 160/685 MS: 4 InsertByte-InsertRepeatedBytes-CopyPart-CrossOver-
#87	REDUCE cov: 140 ft: 144 corp: 4/924b lim: 685 exec/s: 0 rss: 54Mb L: 109/685 MS: 2 EraseBytes-ChangeByte-
#103	REDUCE cov: 140 ft: 144 corp: 4/689b lim: 685 exec/s: 0 rss: 55Mb L: 450/450 MS: 1 EraseBytes-
#125	REDUCE cov: 140 ft: 144 corp: 4/677b lim: 685 exec/s: 0 rss: 55Mb L: 41/450 MS: 2 ChangeASCIIInt-EraseBytes-
#148	REDUCE cov: 140 ft: 144 corp: 4/537b lim: 685 exec/s: 0 rss: 55Mb L: 310/310 MS: 3 PersAutoDict-ChangeASCIIInt-EraseBytes- DE: "\377\377\377\377"-
#219	REDUCE cov: 140 ft: 144 corp: 4/466b lim: 685 exec/s: 0 rss: 57Mb L: 239/239 MS: 1 EraseBytes-
#338	REDUCE cov: 140 ft: 144 corp: 4/363b lim: 685 exec/s: 0 rss: 59Mb L: 136/136 MS: 4 ChangeByte-PersAutoDict-CopyPart-EraseBytes- DE: "\377\377\377\377"-
#441	REDUCE cov: 140 ft: 144 corp: 4/328b lim: 685 exec/s: 0 rss: 60Mb L: 6/136 MS: 3 ChangeBinInt-CrossOver-CrossOver-
#467	REDUCE cov: 140 ft: 144 corp: 4/325b lim: 685 exec/s: 0 rss: 61Mb L: 3/136 MS: 1 EraseBytes-
#485	REDUCE cov: 140 ft: 144 corp: 4/318b lim: 685 exec/s: 0 rss: 61Mb L: 129/129 MS: 3 CrossOver-ChangeBit-EraseBytes-
#486	REDUCE cov: 140 ft: 144 corp: 4/256b lim: 685 exec/s: 0 rss: 61Mb L: 67/109 MS: 1 EraseBytes-
#540	REDUCE cov: 140 ft: 144 corp: 4/236b lim: 685 exec/s: 0 rss: 62Mb L: 57/109 MS: 4 ChangeASCIIInt-ChangeASCIIInt-EraseBytes-ShuffleBytes-
#550	REDUCE cov: 140 ft: 144 corp: 4/235b lim: 685 exec/s: 0 rss: 62Mb L: 2/109 MS: 5 EraseBytes-InsertByte-ChangeByte-EraseBytes-ChangeByte-
#689	REDUCE cov: 140 ft: 144 corp: 4/218b lim: 685 exec/s: 0 rss: 64Mb L: 50/109 MS: 4 ChangeByte-ChangeASCIIInt-ShuffleBytes-EraseBytes-
#701	REDUCE cov: 140 ft: 144 corp: 4/217b lim: 685 exec/s: 0 rss: 65Mb L: 49/109 MS: 2 ChangeBinInt-EraseBytes-
#713	REDUCE cov: 140 ft: 144 corp: 4/216b lim: 685 exec/s: 0 rss: 65Mb L: 1/109 MS: 2 ChangeByte-EraseBytes-
#728	REDUCE cov: 140 ft: 144 corp: 4/178b lim: 685 exec/s: 0 rss: 65Mb L: 19/109 MS: 5 ChangeBinInt-ChangeBit-CrossOver-EraseBytes-EraseBytes-
#793	REDUCE cov: 140 ft: 144 corp: 4/174b lim: 685 exec/s: 0 rss: 66Mb L: 15/109 MS: 5 InsertByte-CopyPart-InsertByte-ChangeByte-EraseBytes-
#840	REDUCE cov: 140 ft: 144 corp: 4/164b lim: 685 exec/s: 0 rss: 67Mb L: 39/109 MS: 2 ShuffleBytes-EraseBytes-
#1000	REDUCE cov: 140 ft: 144 corp: 4/159b lim: 685 exec/s: 0 rss: 69Mb L: 34/109 MS: 5 InsertByte-ChangeBit-ChangeByte-InsertByte-EraseBytes-
#1085	REDUCE cov: 140 ft: 144 corp: 4/153b lim: 685 exec/s: 0 rss: 71Mb L: 28/109 MS: 5 ChangeASCIIInt-ChangeBit-ChangeBinInt-CopyPart-EraseBytes-
#1109	REDUCE cov: 140 ft: 144 corp: 4/146b lim: 685 exec/s: 0 rss: 71Mb L: 21/109 MS: 4 CMP-PersAutoDict-ShuffleBytes-EraseBytes- DE: "\377\377\377\377"-"\377\377\377\377"-
#1205	REDUCE cov: 140 ft: 144 corp: 4/143b lim: 685 exec/s: 0 rss: 73Mb L: 18/109 MS: 1 EraseBytes-
#1215	REDUCE cov: 140 ft: 144 corp: 4/136b lim: 685 exec/s: 0 rss: 73Mb L: 11/109 MS: 5 CMP-PersAutoDict-ChangeBit-ShuffleBytes-EraseBytes- DE: "\377\377"-"\377\377\377\377"-
#1236	REDUCE cov: 140 ft: 144 corp: 4/131b lim: 685 exec/s: 0 rss: 73Mb L: 6/109 MS: 1 EraseBytes-
#1268	REDUCE cov: 140 ft: 144 corp: 4/128b lim: 685 exec/s: 0 rss: 74Mb L: 3/109 MS: 2 ChangeBinInt-EraseBytes-
#1311	REDUCE cov: 140 ft: 144 corp: 4/127b lim: 685 exec/s: 0 rss: 75Mb L: 2/109 MS: 3 ChangeBit-ChangeBinInt-EraseBytes-
#1348	REDUCE cov: 140 ft: 144 corp: 4/126b lim: 685 exec/s: 0 rss: 75Mb L: 1/109 MS: 2 EraseBytes-ShuffleBytes-
#1804	REDUCE cov: 140 ft: 144 corp: 4/125b lim: 685 exec/s: 0 rss: 82Mb L: 14/109 MS: 1 EraseBytes-
#1898	REDUCE cov: 140 ft: 146 corp: 5/126b lim: 685 exec/s: 0 rss: 84Mb L: 1/109 MS: 4 InsertByte-EraseBytes-ShuffleBytes-ChangeByte-
#3039	REDUCE cov: 140 ft: 146 corp: 5/123b lim: 694 exec/s: 0 rss: 102Mb L: 11/109 MS: 1 EraseBytes-
#3122	REDUCE cov: 140 ft: 146 corp: 5/119b lim: 694 exec/s: 0 rss: 103Mb L: 7/109 MS: 3 EraseBytes-InsertByte-EraseBytes-
#3146	REDUCE cov: 140 ft: 146 corp: 5/92b lim: 694 exec/s: 0 rss: 104Mb L: 82/82 MS: 4 ChangeByte-ChangeBit-EraseBytes-InsertByte-
#3966	REDUCE cov: 140 ft: 146 corp: 5/89b lim: 694 exec/s: 0 rss: 117Mb L: 4/82 MS: 5 CopyPart-ChangeBit-InsertByte-ChangeByte-EraseBytes-
#4194	REDUCE cov: 140 ft: 146 corp: 5/88b lim: 694 exec/s: 0 rss: 120Mb L: 3/82 MS: 3 EraseBytes-CrossOver-EraseBytes-
#5082	REDUCE cov: 140 ft: 146 corp: 5/77b lim: 694 exec/s: 0 rss: 135Mb L: 71/71 MS: 3 EraseBytes-EraseBytes-ChangeBit-
#5513	REDUCE cov: 140 ft: 146 corp: 5/29b lim: 694 exec/s: 0 rss: 141Mb L: 23/23 MS: 1 CrossOver-
#6112	REDUCE cov: 140 ft: 146 corp: 5/28b lim: 694 exec/s: 6112 rss: 151Mb L: 2/23 MS: 2 ChangeBit-EraseBytes-
#6549	REDUCE cov: 140 ft: 146 corp: 5/27b lim: 694 exec/s: 6549 rss: 158Mb L: 1/23 MS: 2 ChangeByte-EraseBytes-
#6941	REDUCE cov: 140 ft: 146 corp: 5/21b lim: 694 exec/s: 6941 rss: 164Mb L: 17/17 MS: 2 ChangeASCIIInt-EraseBytes-
#12406	REDUCE cov: 140 ft: 146 corp: 5/14b lim: 748 exec/s: 12406 rss: 177Mb L: 10/10 MS: 5 EraseBytes-InsertByte-ChangeBinInt-CopyPart-ChangeByte-
#16384	pulse  cov: 140 ft: 146 corp: 5/14b lim: 784 exec/s: 8192 rss: 177Mb
#17143	REDUCE cov: 140 ft: 146 corp: 5/8b lim: 793 exec/s: 8571 rss: 177Mb L: 4/4 MS: 2 EraseBytes-EraseBytes-
#17284	REDUCE cov: 140 ft: 146 corp: 5/7b lim: 793 exec/s: 8642 rss: 177Mb L: 3/3 MS: 1 EraseBytes-
#18051	REDUCE cov: 140 ft: 146 corp: 5/6b lim: 793 exec/s: 9025 rss: 177Mb L: 2/2 MS: 2 EraseBytes-ChangeBit-
#20677	REDUCE cov: 140 ft: 147 corp: 6/7b lim: 811 exec/s: 6892 rss: 177Mb L: 1/2 MS: 1 ChangeBit-
#23105	REDUCE cov: 140 ft: 147 corp: 6/6b lim: 829 exec/s: 7701 rss: 177Mb L: 1/1 MS: 3 EraseBytes-ChangeByte-ChangeBinInt-
#32768	pulse  cov: 140 ft: 147 corp: 6/6b lim: 919 exec/s: 6553 rss: 177Mb
#65536	pulse  cov: 140 ft: 147 corp: 6/6b lim: 1247 exec/s: 6553 rss: 177Mb
#131072	pulse  cov: 140 ft: 147 corp: 6/6b lim: 1897 exec/s: 6241 rss: 177Mb
#262144	pulse  cov: 140 ft: 147 corp: 6/6b lim: 3201 exec/s: 6241 rss: 179Mb
#381210	DONE   cov: 140 ft: 147 corp: 6/6b lim: 4096 exec/s: 6249 rss: 205Mb
###### Recommended dictionary. ######
"\377\377\377\377" # Uses: 13730
"\377\377" # Uses: 15956
###### End of recommended dictionary. ######
Done 381210 runs in 61 second(s)
stat::number_of_executed_units: 381210
stat::average_exec_per_sec:     6249
stat::new_units_added:          53
stat::slowest_unit_time_sec:    0
stat::peak_rss_mb:              205
