   Compiling libc v0.2.186
   Compiling anstyle v1.0.13
   Compiling aho-corasick v1.1.4
   Compiling regex-syntax v0.8.8
   Compiling utf8parse v0.2.2
   Compiling cfg_aliases v0.2.1
   Compiling nix v0.31.3
   Compiling anstyle-parse v0.2.7
   Compiling anstyle-query v1.1.5
   Compiling colorchoice v1.0.4
   Compiling is_terminal_polyfill v1.70.2
   Compiling anstream v0.6.21
   Compiling heck v0.5.0
   Compiling predicates-core v1.0.9
   Compiling anyhow v1.0.102
   Compiling getrandom v0.4.2
   Compiling fs2 v0.4.3
   Compiling rand v0.10.2
   Compiling regex-automata v0.4.13
   Compiling p3-field v0.6.1
   Compiling p3-matrix v0.6.1
   Compiling p3-dft v0.6.1
   Compiling p3-symmetric v0.6.1
   Compiling p3-mds v0.6.1
   Compiling p3-poseidon2 v0.6.1
   Compiling p3-poseidon1 v0.6.1
   Compiling p3-monty-31 v0.6.1
   Compiling p3-challenger v0.6.1
   Compiling p3-multilinear-util v0.6.1
   Compiling p3-air v0.6.1
   Compiling p3-commit v0.6.1
   Compiling strsim v0.11.1
   Compiling p3-fri v0.6.1
   Compiling clap_lex v0.7.6
   Compiling p3-uni-stark v0.6.1
   Compiling clap_builder v4.5.51
   Compiling p3-merkle-tree v0.6.1
   Compiling p3-poseidon2-air v0.6.1
   Compiling p3-goldilocks v0.6.1
   Compiling regex v1.12.2
   Compiling hc-stream v0.1.0 (/home/runner/work/hc-stark/hc-stark/raw-reports/immutable-source/crates/hc-stream)
   Compiling clap_derive v4.5.49
   Compiling float-cmp v0.10.0
   Compiling normalize-line-endings v0.3.0
   Compiling difflib v0.4.0
   Compiling termtree v0.5.1
   Compiling assert_cmd v2.1.1
   Compiling predicates-tree v1.0.12
   Compiling clap v4.5.51
   Compiling predicates v3.1.3
   Compiling hc-plonky3 v0.1.0 (/home/runner/work/hc-stark/hc-stark/raw-reports/immutable-source/crates/hc-plonky3)
   Compiling ctrlc v3.5.2
   Compiling getrandom v0.3.4
   Compiling bstr v1.12.1
   Compiling wait-timeout v0.2.1
   Compiling tempfile v3.23.0
   Compiling hc-cli v0.1.0 (/home/runner/work/hc-stark/hc-stark/raw-reports/immutable-source/crates/hc-cli)
    Finished `release` profile [optimized] target(s) in 50.05s
     Running tests/cli_roundtrip.rs (/home/runner/work/hc-stark/hc-stark/raw-reports/cargo-target/release/deps/cli_roundtrip-37a9af36690199ec)

running 1 test
test sigterm_retains_resumable_checkpoint_and_resume_is_byte_identical ... ok

test result: ok. 1 passed; 0 failed; 0 ignored; 0 measured; 17 filtered out; finished in 0.48s

